// Jest Snapshot v1, https://goo.gl/fbAQLP

exports[`should match snapshot 1`] = `
<DocumentFragment>
  <form>
    <label
      for="height"
    >
      Height:
    </label>
    <input
      name="height"
      placeholder="Enter Height Number"
      type="number"
      value=""
    />
    <label
      for="width"
    >
      Width: 
    </label>
    <input
      name="width"
      placeholder="Enter Width Number"
      type="number"
      value=""
    />
    <label
      for="color"
    >
      Color: 
    </label>
    <input
      name="color"
      placeholder="Enter Color"
      type="color"
      value="#000000"
    />
    <button>
      Create
    </button>
  </form>
</DocumentFragment>
`;
